00:00 +0: loading E:/VP/agents_chat_release_candidate/app/test/widget_test.dart
00:00 +0: E:/VP/agents_chat_release_candidate/app/test/widget_test.dart: mobile starts in the five-tab shell for null
00:00 +1: E:/VP/agents_chat_release_candidate/app/test/widget_test.dart: mobile starts in the five-tab shell for null
00:00 +2: E:/VP/agents_chat_release_candidate/app/test/widget_test.dart: mobile starts in the five-tab shell for null
00:00 +3: E:/VP/agents_chat_release_candidate/app/test/widget_test.dart: mobile starts in the five-tab shell for null
00:00 +4: E:/VP/agents_chat_release_candidate/app/test/widget_test.dart: mobile starts in the five-tab shell for null
00:00 +5: E:/VP/agents_chat_release_candidate/app/test/widget_test.dart: mobile starts in the five-tab shell for null
00:00 +6: E:/VP/agents_chat_release_candidate/app/test/widget_test.dart: mobile starts in the five-tab shell for null
00:00 +7: E:/VP/agents_chat_release_candidate/app/test/widget_test.dart: mobile starts in the five-tab shell for null
00:00 +8: E:/VP/agents_chat_release_candidate/app/test/widget_test.dart: mobile starts in the five-tab shell for null
00:00 +9: E:/VP/agents_chat_release_candidate/app/test/widget_test.dart: mobile starts in the five-tab shell for null
00:00 +10: E:/VP/agents_chat_release_candidate/app/test/widget_test.dart: mobile starts in the five-tab shell for null
00:00 +11: E:/VP/agents_chat_release_candidate/app/test/widget_test.dart: mobile starts in the five-tab shell for null
00:00 +12: E:/VP/agents_chat_release_candidate/app/test/widget_test.dart: mobile starts in the five-tab shell for null
00:00 +13: E:/VP/agents_chat_release_candidate/app/test/widget_test.dart: mobile starts in the five-tab shell for null
00:00 +14: E:/VP/agents_chat_release_candidate/app/test/widget_test.dart: mobile starts in the five-tab shell for null
00:00 +15: E:/VP/agents_chat_release_candidate/app/test/widget_test.dart: mobile starts in the five-tab shell for null
00:00 +16: E:/VP/agents_chat_release_candidate/app/test/widget_test.dart: mobile starts in the five-tab shell for null
00:00 +17: E:/VP/agents_chat_release_candidate/app/test/widget_test.dart: mobile starts in the five-tab shell for null
00:00 +18: E:/VP/agents_chat_release_candidate/app/test/widget_test.dart: mobile starts in the five-tab shell for null
00:00 +19: E:/VP/agents_chat_release_candidate/app/test/widget_test.dart: mobile starts in the five-tab shell for null
00:00 +20: E:/VP/agents_chat_release_candidate/app/test/widget_test.dart: mobile starts in the five-tab shell for null
00:00 +21: E:/VP/agents_chat_release_candidate/app/test/features/hub/hub_policy_transport_test.dart: Hub autonomy updates omit all emergency stop fields on the wire
00:00 +22: E:/VP/agents_chat_release_candidate/app/test/widget_test.dart: mobile starts in the five-tab shell for /
00:00 +23: E:/VP/agents_chat_release_candidate/app/test/widget_test.dart: mobile starts in the five-tab shell for /app
00:00 +24: E:/VP/agents_chat_release_candidate/app/test/widget_test.dart: mobile starts in the five-tab shell for /#/app
00:00 +25: E:/VP/agents_chat_release_candidate/app/test/features/hub/hub_logic_test.dart: HubScreen live session flow signed-out hub surfaces human access actions
00:00 +26: E:/VP/agents_chat_release_candidate/app/test/features/hub/hub_logic_test.dart: HubScreen live session flow signed-out hub surfaces human access actions
00:01 +27: E:/VP/agents_chat_release_candidate/app/test/features/hub/hub_logic_test.dart: HubScreen live session flow signed-out hub surfaces human access actions
00:01 +28: E:/VP/agents_chat_release_candidate/app/test/features/hub/hub_logic_test.dart: HubScreen live session flow signed-out hub surfaces human access actions
00:01 +29: E:/VP/agents_chat_release_candidate/app/test/features/hub/hub_logic_test.dart: HubScreen live session flow signed-out hub surfaces human access actions
00:01 +30: E:/VP/agents_chat_release_candidate/app/test/features/hub/hub_connections_test.dart: shows only related Agents, retains a failed unfollow, then persists success
00:01 +31: E:/VP/agents_chat_release_candidate/app/test/features/hub/hub_connections_test.dart: shows only related Agents, retains a failed unfollow, then persists success
00:01 +32: E:/VP/agents_chat_release_candidate/app/test/features/hub/hub_connections_test.dart: shows only related Agents, retains a failed unfollow, then persists success
00:01 +33: E:/VP/agents_chat_release_candidate/app/test/features/hub/hub_connections_test.dart: shows only related Agents, retains a failed unfollow, then persists success
00:01 +34: E:/VP/agents_chat_release_candidate/app/test/features/hub/hub_connections_test.dart: shows only related Agents, retains a failed unfollow, then persists success
00:01 +35: E:/VP/agents_chat_release_candidate/app/test/features/hub/hub_connections_test.dart: shows only related Agents, retains a failed unfollow, then persists success
00:01 +36: E:/VP/agents_chat_release_candidate/app/test/features/hub/hub_connections_test.dart: shows only related Agents, retains a failed unfollow, then persists success
00:01 +37: E:/VP/agents_chat_release_candidate/app/test/features/hub/hub_connections_test.dart: shows only related Agents, retains a failed unfollow, then persists success
00:01 +38: E:/VP/agents_chat_release_candidate/app/test/features/hub/hub_connections_test.dart: shows only related Agents, retains a failed unfollow, then persists success
00:01 +39: E:/VP/agents_chat_release_candidate/app/test/features/hub/hub_connections_test.dart: shows only related Agents, retains a failed unfollow, then persists success
00:01 +40: E:/VP/agents_chat_release_candidate/app/test/features/hub/hub_connections_test.dart: shows only related Agents, retains a failed unfollow, then persists success
00:01 +41: E:/VP/agents_chat_release_candidate/app/test/features/hub/hub_connections_test.dart: shows only related Agents, retains a failed unfollow, then persists success
00:01 +42: E:/VP/agents_chat_release_candidate/app/test/features/hub/hub_connections_test.dart: shows only related Agents, retains a failed unfollow, then persists success
00:01 +43: E:/VP/agents_chat_release_candidate/app/test/features/hub/hub_connections_test.dart: shows only related Agents, retains a failed unfollow, then persists success
00:01 +44: E:/VP/agents_chat_release_candidate/app/test/features/forum/forum_reply_flow_test.dart: Forum reply live session flow signed-out live forum loads public topics and detail
00:01 +45: E:/VP/agents_chat_release_candidate/app/test/features/forum/forum_reply_flow_test.dart: Forum reply live session flow signed-out live forum loads public topics and detail
00:01 +46: E:/VP/agents_chat_release_candidate/app/test/features/forum/forum_reply_flow_test.dart: Forum reply live session flow signed-out live forum loads public topics and detail
00:01 +47: E:/VP/agents_chat_release_candidate/app/test/features/forum/forum_reply_flow_test.dart: Forum reply live session flow signed-out live forum loads public topics and detail
00:01 +48: E:/VP/agents_chat_release_candidate/app/test/features/forum/forum_reply_flow_test.dart: Forum reply live session flow signed-out live forum loads public topics and detail
00:01 +49: E:/VP/agents_chat_release_candidate/app/test/features/forum/forum_reply_flow_test.dart: Forum reply live session flow signed-out live forum loads public topics and detail
00:01 +50: E:/VP/agents_chat_release_candidate/app/test/features/hub/hub_logic_test.dart: HubScreen live session flow changing autonomy level to guarded persists through the live safety policy endpoint
00:02 +51: E:/VP/agents_chat_release_candidate/app/test/features/forum/forum_reply_flow_test.dart: Forum reply live session flow branch reply submission uses human identity and parent reply id
00:02 +52: E:/VP/agents_chat_release_candidate/app/test/features/forum/forum_reply_flow_test.dart: Forum reply live session flow branch reply submission uses human identity and parent reply id
00:02 +53: E:/VP/agents_chat_release_candidate/app/test/features/forum/forum_reply_flow_test.dart: Forum reply live session flow branch reply submission uses human identity and parent reply id
00:02 +54: E:/VP/agents_chat_release_candidate/app/test/features/forum/forum_reply_flow_test.dart: Forum reply live session flow branch reply submission uses human identity and parent reply id
00:02 +55: E:/VP/agents_chat_release_candidate/app/test/features/forum/forum_reply_flow_test.dart: Forum reply live session flow branch reply submission uses human identity and parent reply id
00:02 +56: E:/VP/agents_chat_release_candidate/app/test/features/forum/forum_reply_flow_test.dart: Forum reply live session flow branch reply submission uses human identity and parent reply id
00:02 +57: E:/VP/agents_chat_release_candidate/app/test/features/forum/forum_reply_flow_test.dart: Forum reply live session flow branch reply submission uses human identity and parent reply id
00:02 +58: E:/VP/agents_chat_release_candidate/app/test/features/forum/forum_reply_flow_test.dart: Forum reply live session flow branch reply submission uses human identity and parent reply id
00:02 +59: E:/VP/agents_chat_release_candidate/app/test/features/forum/forum_reply_flow_test.dart: Forum reply live session flow branch reply submission uses human identity and parent reply id
00:02 +60: E:/VP/agents_chat_release_candidate/app/test/features/forum/forum_reply_flow_test.dart: Forum reply live session flow branch reply submission uses human identity and parent reply id
00:02 +61: E:/VP/agents_chat_release_candidate/app/test/features/forum/forum_reply_flow_test.dart: Forum reply live session flow branch reply submission uses human identity and parent reply id
00:02 +62: E:/VP/agents_chat_release_candidate/app/test/app_shell_test.dart: five-tab shell renders required navigation keys
00:02 +63: E:/VP/agents_chat_release_candidate/app/test/app_shell_test.dart: five-tab shell renders required navigation keys
00:02 +64: E:/VP/agents_chat_release_candidate/app/test/app_shell_test.dart: five-tab shell renders required navigation keys
00:02 +65: E:/VP/agents_chat_release_candidate/app/test/app_shell_test.dart: five-tab shell renders required navigation keys
00:02 +66: E:/VP/agents_chat_release_candidate/app/test/app_shell_test.dart: five-tab shell renders required navigation keys
00:02 +67: E:/VP/agents_chat_release_candidate/app/test/app_shell_test.dart: five-tab shell renders required navigation keys
00:02 +68: E:/VP/agents_chat_release_candidate/app/test/app_shell_test.dart: five-tab shell renders required navigation keys
00:02 +69: E:/VP/agents_chat_release_candidate/app/test/app_shell_test.dart: five-tab shell renders required navigation keys
00:02 +70: E:/VP/agents_chat_release_candidate/app/test/app_shell_test.dart: five-tab shell renders required navigation keys
00:02 +71: E:/VP/agents_chat_release_candidate/app/test/app_shell_test.dart: five-tab shell renders required navigation keys
00:02 +72: E:/VP/agents_chat_release_candidate/app/test/features/debate/debate_screen_test.dart: poll refreshes replaced seats without new turns and does not undo session selection
00:02 +73: E:/VP/agents_chat_release_candidate/app/test/features/debate/debate_screen_test.dart: poll refreshes replaced seats without new turns and does not undo session selection
00:02 +74: E:/VP/agents_chat_release_candidate/app/test/features/debate/debate_screen_test.dart: poll refreshes replaced seats without new turns and does not undo session selection
00:02 +75: E:/VP/agents_chat_release_candidate/app/test/features/debate/debate_screen_test.dart: poll refreshes replaced seats without new turns and does not undo session selection
00:03 +76: E:/VP/agents_chat_release_candidate/app/test/features/chat/chat_share_test.dart: share only announces a successful clipboard write: failure=false
00:03 +77: E:/VP/agents_chat_release_candidate/app/test/features/chat/chat_share_test.dart: share only announces a successful clipboard write: failure=false
00:03 +78: E:/VP/agents_chat_release_candidate/app/test/features/chat/chat_share_test.dart: share only announces a successful clipboard write: failure=false
00:03 +79: E:/VP/agents_chat_release_candidate/app/test/features/chat/chat_share_test.dart: share only announces a successful clipboard write: failure=false
00:03 +80: E:/VP/agents_chat_release_candidate/app/test/features/chat/chat_share_test.dart: share only announces a successful clipboard write: failure=false
00:03 +81: E:/VP/agents_chat_release_candidate/app/test/features/chat/chat_share_test.dart: share only announces a successful clipboard write: failure=false
00:03 +82: E:/VP/agents_chat_release_candidate/app/test/features/chat/chat_share_test.dart: share only announces a successful clipboard write: failure=false
00:03 +83: E:/VP/agents_chat_release_candidate/app/test/features/chat/chat_share_test.dart: share only announces a successful clipboard write: failure=false
00:03 +84: E:/VP/agents_chat_release_candidate/app/test/features/chat/chat_share_test.dart: share only announces a successful clipboard write: failure=false
00:03 +85: E:/VP/agents_chat_release_candidate/app/test/features/chat/chat_share_test.dart: share only announces a successful clipboard write: failure=false
00:03 +86: E:/VP/agents_chat_release_candidate/app/test/features/chat/chat_share_test.dart: share only announces a successful clipboard write: failure=false
00:03 +87: E:/VP/agents_chat_release_candidate/app/test/features/chat/chat_share_test.dart: share only announces a successful clipboard write: failure=false
00:03 +88: E:/VP/agents_chat_release_candidate/app/test/features/chat/chat_share_test.dart: share only announces a successful clipboard write: failure=false
00:03 +89: E:/VP/agents_chat_release_candidate/app/test/features/chat/chat_share_test.dart: share only announces a successful clipboard write: failure=false
00:03 +90: E:/VP/agents_chat_release_candidate/app/test/features/chat/chat_share_test.dart: share only announces a successful clipboard write: failure=false
00:03 +91: E:/VP/agents_chat_release_candidate/app/test/features/chat/chat_share_test.dart: share only announces a successful clipboard write: failure=false
00:03 +92: E:/VP/agents_chat_release_candidate/app/test/features/chat/chat_share_test.dart: share only announces a successful clipboard write: failure=false
00:03 +93: E:/VP/agents_chat_release_candidate/app/test/features/chat/chat_share_test.dart: share only announces a successful clipboard write: failure=false
00:03 +94: E:/VP/agents_chat_release_candidate/app/test/features/chat/chat_share_test.dart: share only announces a successful clipboard write: failure=false
00:03 +95: E:/VP/agents_chat_release_candidate/app/test/features/chat/chat_share_test.dart: share only announces a successful clipboard write: failure=false
00:03 +96: E:/VP/agents_chat_release_candidate/app/test/features/chat/chat_share_test.dart: share only announces a successful clipboard write: failure=false
00:03 +97: E:/VP/agents_chat_release_candidate/app/test/features/chat/chat_share_test.dart: share only announces a successful clipboard write: failure=false
00:03 +98: E:/VP/agents_chat_release_candidate/app/test/features/chat/chat_share_test.dart: share only announces a successful clipboard write: failure=false
00:03 +99: E:/VP/agents_chat_release_candidate/app/test/features/chat/chat_share_test.dart: share only announces a successful clipboard write: failure=false
00:03 +100: E:/VP/agents_chat_release_candidate/app/test/features/chat/chat_share_test.dart: share only announces a successful clipboard write: failure=false
00:03 +101: E:/VP/agents_chat_release_candidate/app/test/features/chat/chat_share_test.dart: share only announces a successful clipboard write: failure=false
00:03 +102: E:/VP/agents_chat_release_candidate/app/test/features/chat/chat_share_test.dart: share only announces a successful clipboard write: failure=false
00:03 +103: E:/VP/agents_chat_release_candidate/app/test/features/chat/chat_logic_test.dart: ChatScreen live session flow opening a live thread loads messages and marks it read
00:03 +104: E:/VP/agents_chat_release_candidate/app/test/features/chat/chat_logic_test.dart: ChatScreen live session flow opening a live thread loads messages and marks it read
00:03 +105: E:/VP/agents_chat_release_candidate/app/test/features/chat/chat_logic_test.dart: ChatScreen live session flow opening a live thread loads messages and marks it read
00:03 +106: E:/VP/agents_chat_release_candidate/app/test/features/chat/chat_logic_test.dart: ChatScreen live session flow opening a live thread loads messages and marks it read
00:03 +107: E:/VP/agents_chat_release_candidate/app/test/features/hub/hub_logic_test.dart: HubScreen live session flow refreshing a reordered list keeps the selected card and endpoint together
00:03 +108: E:/VP/agents_chat_release_candidate/app/test/features/hub/hub_logic_test.dart: HubScreen live session flow refreshing a reordered list keeps the selected card and endpoint together
00:03 +109: E:/VP/agents_chat_release_candidate/app/test/features/chat/chat_share_test.dart: share only announces a successful clipboard write: failure=true
00:03 +110: E:/VP/agents_chat_release_candidate/app/test/features/chat/chat_share_test.dart: share only announces a successful clipboard write: failure=true
00:03 +111: E:/VP/agents_chat_release_candidate/app/test/app_shell_test.dart: forum emergency stop toggles the owned agent safety policy and snackbar copy
00:03 +112: E:/VP/agents_chat_release_candidate/app/test/app_shell_test.dart: forum emergency stop toggles the owned agent safety policy and snackbar copy
00:03 +113: E:/VP/agents_chat_release_candidate/app/test/app_shell_test.dart: forum emergency stop toggles the owned agent safety policy and snackbar copy
00:03 +114: E:/VP/agents_chat_release_candidate/app/test/features/chat/chat_logic_test.dart: ChatScreen live session flow owned-agent command threads stay out of the DM rail
00:04 +115: E:/VP/agents_chat_release_candidate/app/test/features/hub/hub_logic_test.dart: HubScreen live session flow owned agent profile updates the live endpoint when the active selection changes
00:04 +116: E:/VP/agents_chat_release_candidate/app/test/app_shell_test.dart: hall join debate opens live debate in spectator view
00:04 +117: E:/VP/agents_chat_release_candidate/app/test/app_shell_test.dart: hall join debate opens live debate in spectator view
00:04 +118: E:/VP/agents_chat_release_candidate/app/test/app_shell_test.dart: hall join debate opens live debate in spectator view
00:04 +119: E:/VP/agents_chat_release_candidate/app/test/app_shell_test.dart: hall join debate opens live debate in spectator view
00:04 +120: E:/VP/agents_chat_release_candidate/app/test/app_shell_test.dart: hall join debate opens live debate in spectator view
00:04 +121: E:/VP/agents_chat_release_candidate/app/test/app_shell_test.dart: hall join debate opens live debate in spectator view
00:04 +122: E:/VP/agents_chat_release_candidate/app/test/features/chat/chat_logic_test.dart: ChatScreen live session flow sending from an open thread posts a human-authored message
00:04 +123: E:/VP/agents_chat_release_candidate/app/test/features/chat/chat_logic_test.dart: ChatScreen live session flow sending from an open thread posts a human-authored message
00:04 +124: E:/VP/agents_chat_release_candidate/app/test/app_shell_test.dart: chat bell lists unread direct messages for the active agent and marks them read
00:04 +125: E:/VP/agents_chat_release_candidate/app/test/app_shell_test.dart: chat bell lists unread direct messages for the active agent and marks them read
00:04 +126: E:/VP/agents_chat_release_candidate/app/test/features/chat/chat_logic_test.dart: ChatScreen live session flow emoji button opens Agentmoji sheet and inserts extracted shortcode
00:04 +127: E:/VP/agents_chat_release_candidate/app/test/features/chat/chat_logic_test.dart: ChatScreen live session flow emoji button opens Agentmoji sheet and inserts extracted shortcode
00:04 +128: E:/VP/agents_chat_release_candidate/app/test/features/chat/chat_logic_test.dart: ChatScreen live session flow emoji button opens Agentmoji sheet and inserts extracted shortcode
00:04 +129: E:/VP/agents_chat_release_candidate/app/test/features/hub/hub_logic_test.dart: HubScreen live session flow all owned Agents remain reachable and selection waits for the swipe to settle
00:04 +130: E:/VP/agents_chat_release_candidate/app/test/app_shell_test.dart: chat bell shows an empty state instead of old sample rows
00:04 +131: E:/VP/agents_chat_release_candidate/app/test/features/chat/chat_logic_test.dart: ChatScreen live session flow agentmoji shortcodes render inline inside thread messages
00:04 +132: E:/VP/agents_chat_release_candidate/app/test/features/chat/chat_logic_test.dart: ChatScreen live session flow agentmoji shortcodes render inline inside thread messages
00:04 +133: E:/VP/agents_chat_release_candidate/app/test/app_shell_test.dart: notification bell 401 signs the shell out before chat is opened
00:04 +134: E:/VP/agents_chat_release_candidate/app/test/features/chat/chat_logic_test.dart: ChatScreen live session flow switching active agents clears the open thread and ignores stale messages
00:04 +135: E:/VP/agents_chat_release_candidate/app/test/app_shell_test.dart: chat bell preserves prior rows and shows an explicit error on refresh failure
00:05 +136: E:/VP/agents_chat_release_candidate/app/test/features/chat/chat_logic_test.dart: ChatScreen live session flow request-only preview conversations stay unavailable inside the DM page
00:05 +137: E:/VP/agents_chat_release_candidate/app/test/app_shell_test.dart: local shell shows forum and live preview content for signed-out users
00:05 +138: E:/VP/agents_chat_release_candidate/app/test/app_shell_test.dart: local shell shows forum and live preview content for signed-out users
00:05 +139: E:/VP/agents_chat_release_candidate/app/test/app_shell_test.dart: local shell shows forum and live preview content for signed-out users
00:05 +140: E:/VP/agents_chat_release_candidate/app/test/features/chat/chat_logic_test.dart: ChatScreen live session flow authenticated empty accounts show no preview threads even in a local build
00:05 +141: E:/VP/agents_chat_release_candidate/app/test/app_shell_test.dart: production shell hides forum and live sample content for signed-out users
00:05 +142: All tests passed!
