Resolving dependencies...
Downloading packages...
  audio_session 0.2.3 (0.2.4 available)
  clock 1.1.2 (1.1.3 available)
  code_assets 1.0.0 (2.0.0 available)
  cross_file 0.3.5+2 (0.3.5+5 available)
  crypto 3.0.6 (3.0.7 available)
  file_selector_linux 0.9.4 (0.9.4+1 available)
  file_selector_macos 0.9.5 (0.9.5+1 available)
  file_selector_windows 0.9.3+5 (0.9.3+6 available)
  flutter_plugin_android_lifecycle 2.0.34 (2.0.35 available)
  glob 2.1.3 (2.2.0 available)
  hooks 1.0.3 (2.2.0 available)
  image_picker 1.2.1 (1.2.3 available)
  image_picker_android 0.8.13+16 (0.8.13+23 available)
  image_picker_ios 0.8.13+6 (0.8.13+7 available)
  intl 0.20.2 (0.20.3 available)
  jni 1.0.0 (1.0.3 available)
  jni_flutter 1.0.1 (1.0.3 available)
  just_audio 0.10.5 (0.10.6 available)
  matcher 0.12.19 (0.12.20 available)
  material_color_utilities 0.13.0 (0.13.1 available)
  meta 1.17.0 (1.19.0 available)
  mime 2.0.0 (2.1.0 available)
  native_toolchain_c 0.17.6 (0.19.4 available)
  objective_c 9.3.0 (9.6.0 available)
  package_config 2.2.0 (3.0.0 available)
  path_provider 2.1.5 (2.1.6 available)
  path_provider_linux 2.2.1 (2.2.2 available)
  path_provider_platform_interface 2.1.2 (2.1.3 available)
  platform 3.1.6 (3.2.0 available)
  process 5.0.5 (5.0.6 available)
  pub_semver 2.2.0 (2.2.1 available)
  record 6.2.0 (7.1.1 available)
  record_android 1.5.1 (2.2.0 available)
  record_ios 1.2.0 (2.1.1 available)
  record_linux 1.3.0 (2.1.1 available)
  record_macos 1.2.1 (2.1.1 available)
  record_platform_interface 1.5.0 (2.1.0 available)
  record_use 0.6.0 (1.1.1 available)
  record_web 1.3.0 (2.1.3 available)
  record_windows 1.0.7 (2.3.0 available)
  shared_preferences_android 2.4.23 (2.4.28 available)
  shared_preferences_foundation 2.5.6 (2.5.7 available)
  stack_trace 1.12.1 (1.12.2 available)
  synchronized 3.4.0+1 (3.4.2 available)
  test_api 0.7.10 (0.7.14 available)
  url_launcher_android 6.3.30 (6.3.33 available)
  uuid 4.5.3 (4.6.0 available)
  vector_math 2.2.0 (2.4.2 available)
  vm_service 15.0.2 (15.3.0 available)
  webdriver 3.1.0 (3.2.0 available)
  window_to_front 0.0.4 (1.0.0 available)
  yaml 3.1.3 (3.1.4 available)
Got dependencies!
52 packages have newer versions incompatible with dependency constraints.
Try `flutter pub outdated` for more information.
00:00 +0: loading E:/VP/agents_chat_release_candidate/app/test/core/session/android_backup_policy_test.dart
00:00 +0: ST-01 credentials are excluded from cloud and device transfer
00:00 +0 -1: ST-01 credentials are excluded from cloud and device transfer [E]
  Expected: contains 'android:fullBackupContent="@xml/backup_rules"'
    Actual: '<manifest xmlns:android="http://schemas.android.com/apk/res/android">\r\n'
              '    <uses-permission android:name="android.permission.INTERNET" />\r\n'
              '    <uses-permission android:name="android.permission.RECORD_AUDIO" />\r\n'
              '    <application\r\n'
              '        android:allowBackup="false"\r\n'
              '        android:label="Agents Chat"\r\n'
              '        android:name="${applicationName}"\r\n'
              '        android:icon="@mipmap/ic_launcher">\r\n'
              '        <activity android:name="com.linusu.flutter_web_auth_2.CallbackActivity" android:exported="true" android:taskAffinity="">\r\n'
              '            <intent-filter android:label="agentschat OAuth">\r\n'
              '                <action android:name="android.intent.action.VIEW" />\r\n'
              '                <category android:name="android.intent.category.DEFAULT" />\r\n'
              '                <category android:name="android.intent.category.BROWSABLE" />\r\n'
              '                <data android:scheme="agentschat" />\r\n'
              '            </intent-filter>\r\n'
              '        </activity>\r\n'
              '        <activity\r\n'
              '            android:name=".MainActivity"\r\n'
              '            android:exported="true"\r\n'
              '            android:launchMode="singleTop"\r\n'
              '            android:taskAffinity=""\r\n'
              '            android:theme="@style/LaunchTheme"\r\n'
              '            android:configChanges="orientation|keyboardHidden|keyboard|screenSize|smallestScreenSize|locale|layoutDirection|fontScale|screenLayout|density|uiMode"\r\n'
              '            android:hardwareAccelerated="true"\r\n'
              '            android:windowSoftInputMode="adjustResize">\r\n'
              '            <!-- Specifies an Android theme to apply to this Activity as soon as\r\n'
              '                 the Android process has started. This theme is visible to the user\r\n'
              '                 while the Flutter UI initializes. After that, this theme continues\r\n'
              '                 to determine the Window background behind the Flutter UI. -->\r\n'
              '            <meta-data\r\n'
              '              android:name="io.flutter.embedding.android.NormalTheme"\r\n'
              '              android:resource="@style/NormalTheme"\r\n'
              '              />\r\n'
              '            <intent-filter>\r\n'
              '                <action android:name="android.intent.action.MAIN"/>\r\n'
              '                <category android:name="android.intent.category.LAUNCHER"/>\r\n'
              '            </intent-filter>\r\n'
              '        </activity>\r\n'
              '        <!-- Don\'t delete the meta-data below.\r\n'
              '             This is used by the Flutter tool to generate GeneratedPluginRegistrant.java -->\r\n'
              '        <meta-data\r\n'
              '            android:name="flutterEmbedding"\r\n'
              '            android:value="2" />\r\n'
              '    </application>\r\n'
              '    <!-- Required to query activities that can process text, see:\r\n'
              '         https://developer.android.com/training/package-visibility and\r\n'
              '         https://developer.android.com/reference/android/content/Intent#ACTION_PROCESS_TEXT.\r\n'
              '\r\n'
              '         In particular, this is used by the Flutter engine in io.flutter.plugin.text.ProcessTextPlugin. -->\r\n'
              '    <queries>\r\n'
              '        <intent>\r\n'
              '            <action android:name="android.intent.action.PROCESS_TEXT"/>\r\n'
              '            <data android:mimeType="text/plain"/>\r\n'
              '        </intent>\r\n'
              '    </queries>\r\n'
              '</manifest>\r\n'
              ''
     Which: does not contain 'android:fullBackupContent="@xml/backup_rules"'
  
  package:matcher                                        expect
  package:flutter_test/src/widget_tester.dart 473:18     expect
  test\core\session\android_backup_policy_test.dart 8:5  main.<fn>
  
00:00 +0 -1: Some tests failed.
